<!DOCTYPE html>
<html lang="en">
<head>
    <meta http-equiv="refresh" content="0;URL=../../pear/error/enum.Expected.html">
    <title>Redirection</title>
</head>
<body>
    <p>Redirecting to <a href="../../pear/error/enum.Expected.html">../../pear/error/enum.Expected.html</a>...</p>
    <script>location.replace("../../pear/error/enum.Expected.html" + location.search + location.hash);</script>
</body>
</html>